method,rtsjcomponents.active.ActiveComponentCrossScopeInvocationRunnable.<init>,0
method,rtsjcomponents.active.ActiveComponentCrossScopeInvocationRunnable.run,1
method,rtsjcomponents.active.ActiveComponentCrossScopeInvocationRunnable.prepareForCreatePeriodicComponent,2
method,rtsjcomponents.active.ActiveComponentCrossScopeInvocationRunnable.prepareForCreateAperiodicComponent,3
method,rtsjcomponents.active.ActiveComponentCrossScopeInvocationRunnable.prepareForCreateSporadicComponent,4
method,rtsjcomponents.active.ActiveComponentCrossScopeInvocationRunnable.createActiveComponent,5
method,rtsjcomponents.active.ActiveComponentCrossScopeInvocationRunnable.prepareForTerminate,6
method,rtsjcomponents.active.ActiveComponentCrossScopeInvocationRunnable.terminate,7
method,rtsjcomponents.active.ActiveComponentCrossScopeInvocationRunnable.resetOperationCode,8
method,rtsjcomponents.active.ActiveComponentCrossScopeInvocationRunnable.isThereAnyThrowable,9
method,rtsjcomponents.active.ActiveComponentCrossScopeInvocationRunnable.getThrowable,10
class,rtsjcomponents.active.ActiveComponentCrossScopeInvocationRunnable,0
method,rtsjcomponents.active.ActiveComponentFacade$1.<init>,11
method,rtsjcomponents.active.ActiveComponentFacade$1.run,12
class,rtsjcomponents.active.ActiveComponentFacade$1,1
method,rtsjcomponents.active.ActiveComponentFacade$2.<init>,13
method,rtsjcomponents.active.ActiveComponentFacade$2.run,14
class,rtsjcomponents.active.ActiveComponentFacade$2,2
method,rtsjcomponents.active.ActiveComponentFacade$3.<init>,15
method,rtsjcomponents.active.ActiveComponentFacade$3.run,16
class,rtsjcomponents.active.ActiveComponentFacade$3,3
method,rtsjcomponents.active.ActiveComponentFacade$4.<init>,17
method,rtsjcomponents.active.ActiveComponentFacade$4.run,18
class,rtsjcomponents.active.ActiveComponentFacade$4,4
method,rtsjcomponents.active.ActiveComponentFacade.getInstance,19
method,rtsjcomponents.active.ActiveComponentFacade.freeInstance,20
method,rtsjcomponents.active.ActiveComponentFacade.<init>,21
method,rtsjcomponents.active.ActiveComponentFacade.createPeriodicComponent,22
method,rtsjcomponents.active.ActiveComponentFacade.createAperiodicComponent,23
method,rtsjcomponents.active.ActiveComponentFacade.createSporadicComponent,24
method,rtsjcomponents.active.ActiveComponentFacade.deactivate,25
method,rtsjcomponents.active.ActiveComponentFacade.access$000,26
method,rtsjcomponents.active.ActiveComponentFacade.<clinit>,27
class,rtsjcomponents.active.ActiveComponentFacade,5
method,rtsjcomponents.active.ActiveComponentPortal.<init>,28
method,rtsjcomponents.active.ActiveComponentPortal.getActiveComponentRunnable,29
class,rtsjcomponents.active.ActiveComponentPortal,6
class,rtsjcomponents.active.ActiveComponentRunnable$1,7
method,rtsjcomponents.active.ActiveComponentRunnable$InternalRunnable.<init>,30
method,rtsjcomponents.active.ActiveComponentRunnable$InternalRunnable.run,31
method,rtsjcomponents.active.ActiveComponentRunnable$InternalRunnable.<init>,32
class,rtsjcomponents.active.ActiveComponentRunnable$InternalRunnable,8
method,rtsjcomponents.active.ActiveComponentRunnable.<init>,33
method,rtsjcomponents.active.ActiveComponentRunnable.run,34
method,rtsjcomponents.active.ActiveComponentRunnable.terminate,35
method,rtsjcomponents.active.ActiveComponentRunnable.access$100,36
class,rtsjcomponents.active.ActiveComponentRunnable,9
method,rtsjcomponents.example2.ContextImpl.<init>,37
method,rtsjcomponents.example2.ContextImpl.getComponent,38
method,rtsjcomponents.example2.ContextImpl.getLocalChar,39
method,rtsjcomponents.example2.ContextImpl.getLocalInt,40
method,rtsjcomponents.example2.ContextImpl.getLocalShort,41
method,rtsjcomponents.example2.ContextImpl.getLocalLong,42
method,rtsjcomponents.example2.ContextImpl.getLocalDouble,43
method,rtsjcomponents.example2.ContextImpl.getLocalBoolean,44
method,rtsjcomponents.example2.ContextImpl.getGlobalChar,45
method,rtsjcomponents.example2.ContextImpl.getGlobalInt,46
method,rtsjcomponents.example2.ContextImpl.getGlobalShort,47
method,rtsjcomponents.example2.ContextImpl.getGlobalLong,48
method,rtsjcomponents.example2.ContextImpl.getGlobalDouble,49
method,rtsjcomponents.example2.ContextImpl.getGlobalBoolean,50
class,rtsjcomponents.example2.ContextImpl,10
method,rtsjcomponents.example2.Example2.main,51
method,rtsjcomponents.example2.Example2.<init>,52
method,rtsjcomponents.example2.Example2.run,53
method,rtsjcomponents.example2.Example2.class$,54
class,rtsjcomponents.example2.Example2,11
method,rtsjcomponents.example2.MainRunnable.<init>,55
method,rtsjcomponents.example2.MainRunnable.createActiveComponents,56
method,rtsjcomponents.example2.MainRunnable.createPassiveComponents,57
method,rtsjcomponents.example2.MainRunnable.run,58
method,rtsjcomponents.example2.MainRunnable.class$,59
method,rtsjcomponents.example2.MainRunnable.<clinit>,60
class,rtsjcomponents.example2.MainRunnable,12
method,rtsjcomponents.example2.MyAC.<init>,61
method,rtsjcomponents.example2.MyAC.init,62
method,rtsjcomponents.example2.MyAC.execute,63
method,rtsjcomponents.example2.MyAC.executeCase0,64
method,rtsjcomponents.example2.MyAC.executeCase1,65
method,rtsjcomponents.example2.MyAC.executeCase2,66
method,rtsjcomponents.example2.MyAC.executeCase3,67
method,rtsjcomponents.example2.MyAC.executeCase4,68
method,rtsjcomponents.example2.MyAC.terminate,69
method,rtsjcomponents.example2.MyAC.logRecords,70
method,rtsjcomponents.example2.MyAC.doWork,71
method,rtsjcomponents.example2.MyAC.<clinit>,72
class,rtsjcomponents.example2.MyAC,13
method,rtsjcomponents.example2.MyPCImpl.<init>,73
method,rtsjcomponents.example2.MyPCImpl.init,74
method,rtsjcomponents.example2.MyPCImpl.terminate,75
method,rtsjcomponents.example2.MyPCImpl.execSIM_0,76
method,rtsjcomponents.example2.MyPCImpl.execSIM_1,77
method,rtsjcomponents.example2.MyPCImpl.execSDM_0,78
method,rtsjcomponents.example2.MyPCImpl.execSDM_1,79
class,rtsjcomponents.example2.MyPCImpl,14
method,rtsjcomponents.example2.generated.MyPCFacade$1.<init>,80
method,rtsjcomponents.example2.generated.MyPCFacade$1.run,81
class,rtsjcomponents.example2.generated.MyPCFacade$1,15
method,rtsjcomponents.example2.generated.MyPCFacade$2.<init>,82
method,rtsjcomponents.example2.generated.MyPCFacade$2.run,83
class,rtsjcomponents.example2.generated.MyPCFacade$2,16
method,rtsjcomponents.example2.generated.MyPCFacade.getInstance,84
method,rtsjcomponents.example2.generated.MyPCFacade.freeInstance,85
method,rtsjcomponents.example2.generated.MyPCFacade.<init>,86
method,rtsjcomponents.example2.generated.MyPCFacade.createPassiveComponent,87
method,rtsjcomponents.example2.generated.MyPCFacade.deactivate,88
method,rtsjcomponents.example2.generated.MyPCFacade.execSIM_0,89
method,rtsjcomponents.example2.generated.MyPCFacade.execSIM_1,90
method,rtsjcomponents.example2.generated.MyPCFacade.execSDM_0,91
method,rtsjcomponents.example2.generated.MyPCFacade.execSDM_1,92
method,rtsjcomponents.example2.generated.MyPCFacade.init,93
method,rtsjcomponents.example2.generated.MyPCFacade.terminate,94
method,rtsjcomponents.example2.generated.MyPCFacade.access$000,95
method,rtsjcomponents.example2.generated.MyPCFacade.<clinit>,96
class,rtsjcomponents.example2.generated.MyPCFacade,17
method,rtsjcomponents.example2.generated.MyPCPortal.<init>,97
method,rtsjcomponents.example2.generated.MyPCPortal.getImpl,98
method,rtsjcomponents.example2.generated.MyPCPortal.setImpl,99
method,rtsjcomponents.example2.generated.MyPCPortal.getWedge,100
method,rtsjcomponents.example2.generated.MyPCPortal.setWedge,101
method,rtsjcomponents.example2.generated.MyPCPortal.getPoolOfInternalRunnables,102
class,rtsjcomponents.example2.generated.MyPCPortal,18
method,rtsjcomponents.example2.generated.MyPCReturnRunnable.getInstance,103
method,rtsjcomponents.example2.generated.MyPCReturnRunnable.freeInstance,104
method,rtsjcomponents.example2.generated.MyPCReturnRunnable.<init>,105
method,rtsjcomponents.example2.generated.MyPCReturnRunnable.run,106
method,rtsjcomponents.example2.generated.MyPCReturnRunnable.prepareForReturnForDoExecSDM_1,107
method,rtsjcomponents.example2.generated.MyPCReturnRunnable.doExecSDM_1,108
method,rtsjcomponents.example2.generated.MyPCReturnRunnable.reset,109
method,rtsjcomponents.example2.generated.MyPCReturnRunnable.<clinit>,110
class,rtsjcomponents.example2.generated.MyPCReturnRunnable,19
method,rtsjcomponents.example2.generated.MyPCRunnable$InternalRunnable.<init>,111
method,rtsjcomponents.example2.generated.MyPCRunnable$InternalRunnable.init,112
method,rtsjcomponents.example2.generated.MyPCRunnable$InternalRunnable.run,113
class,rtsjcomponents.example2.generated.MyPCRunnable$InternalRunnable,20
method,rtsjcomponents.example2.generated.MyPCRunnable.<init>,114
method,rtsjcomponents.example2.generated.MyPCRunnable.run,115
method,rtsjcomponents.example2.generated.MyPCRunnable.prepareForCreatePassiveComponent,116
method,rtsjcomponents.example2.generated.MyPCRunnable.createPassiveComponent,117
method,rtsjcomponents.example2.generated.MyPCRunnable.prepareForTerminate,118
method,rtsjcomponents.example2.generated.MyPCRunnable.terminate,119
method,rtsjcomponents.example2.generated.MyPCRunnable.prepareForExecSDM_0,120
method,rtsjcomponents.example2.generated.MyPCRunnable.DoExecSDM_0,121
method,rtsjcomponents.example2.generated.MyPCRunnable.prepareForExecSDM_1,122
method,rtsjcomponents.example2.generated.MyPCRunnable.DoExecSDM_1,123
method,rtsjcomponents.example2.generated.MyPCRunnable.returnValue,124
method,rtsjcomponents.example2.generated.MyPCRunnable.resetOperationCode,125
method,rtsjcomponents.example2.generated.MyPCRunnable.isThereAnyThrowable,126
method,rtsjcomponents.example2.generated.MyPCRunnable.getThrowable,127
method,rtsjcomponents.example2.generated.MyPCRunnable.getReturnValue,128
method,rtsjcomponents.example2.generated.MyPCRunnable.setReturnValue,129
method,rtsjcomponents.example2.generated.MyPCRunnable.getCharRetValue,130
method,rtsjcomponents.example2.generated.MyPCRunnable.setCharRetValue,131
method,rtsjcomponents.example2.generated.MyPCRunnable.getDoubleRetValue,132
method,rtsjcomponents.example2.generated.MyPCRunnable.setDoubleRetValue,133
method,rtsjcomponents.example2.generated.MyPCRunnable.getIntRetValue,134
method,rtsjcomponents.example2.generated.MyPCRunnable.setIntRetValue,135
method,rtsjcomponents.example2.generated.MyPCRunnable.getLongRetValue,136
method,rtsjcomponents.example2.generated.MyPCRunnable.setLongRetValue,137
method,rtsjcomponents.example2.generated.MyPCRunnable.access$002,138
method,rtsjcomponents.example2.generated.MyPCRunnable.access$100,139
class,rtsjcomponents.example2.generated.MyPCRunnable,21
method,rtsjcomponents.utils.Constants.<init>,140
class,rtsjcomponents.utils.Constants,22
method,rtsjcomponents.utils.Errors.<init>,141
method,rtsjcomponents.utils.Errors.<clinit>,142
class,rtsjcomponents.utils.Errors,23
method,rtsjcomponents.utils.Exceptions.<init>,143
method,rtsjcomponents.utils.Exceptions.<clinit>,144
class,rtsjcomponents.utils.Exceptions,24
method,rtsjcomponents.utils.ExecuteInRunnable.<init>,145
method,rtsjcomponents.utils.ExecuteInRunnable.getEIR,146
method,rtsjcomponents.utils.ExecuteInRunnable.getAnInitializedEIR,147
method,rtsjcomponents.utils.ExecuteInRunnable.freeEIR,148
method,rtsjcomponents.utils.ExecuteInRunnable.init,149
method,rtsjcomponents.utils.ExecuteInRunnable.run,150
method,rtsjcomponents.utils.ExecuteInRunnable.class$,151
method,rtsjcomponents.utils.ExecuteInRunnable.<clinit>,152
class,rtsjcomponents.utils.ExecuteInRunnable,25
method,rtsjcomponents.utils.ExecutorInArea.<init>,153
method,rtsjcomponents.utils.ExecutorInArea.executeInArea,154
class,rtsjcomponents.utils.ExecutorInArea,26
method,rtsjcomponents.utils.ObjectHolder.<init>,155
method,rtsjcomponents.utils.ObjectHolder.reset,156
class,rtsjcomponents.utils.ObjectHolder,27
method,rtsjcomponents.utils.QualifiedClassNames.<init>,157
class,rtsjcomponents.utils.QualifiedClassNames,28
method,rtsjcomponents.utils.Queue.fromImmortal,158
method,rtsjcomponents.utils.Queue.<init>,159
method,rtsjcomponents.utils.Queue.size,160
method,rtsjcomponents.utils.Queue.enqueue,161
method,rtsjcomponents.utils.Queue.getNode,162
method,rtsjcomponents.utils.Queue.peek,163
method,rtsjcomponents.utils.Queue.isEmpty,164
method,rtsjcomponents.utils.Queue.dequeue,165
method,rtsjcomponents.utils.Queue.freeNode,166
method,rtsjcomponents.utils.Queue.class$,167
method,rtsjcomponents.utils.Queue.<clinit>,168
class,rtsjcomponents.utils.Queue,29
method,rtsjcomponents.utils.QueueNode.<init>,169
class,rtsjcomponents.utils.QueueNode,30
method,rtsjcomponents.utils.ScopedMemoryPool.<init>,170
method,rtsjcomponents.utils.ScopedMemoryPool.getInstance,171
method,rtsjcomponents.utils.ScopedMemoryPool.freeInstance,172
method,rtsjcomponents.utils.ScopedMemoryPool.<clinit>,173
class,rtsjcomponents.utils.ScopedMemoryPool,31
method,rtsjcomponents.utils.TempScopePortal.<init>,174
method,rtsjcomponents.utils.TempScopePortal.getObjectHolder,175
method,rtsjcomponents.utils.TempScopePortal.freeObjectHolder,176
class,rtsjcomponents.utils.TempScopePortal,32
method,rtsjcomponents.utils.WedgeRunnable.<init>,177
method,rtsjcomponents.utils.WedgeRunnable.isActive,178
method,rtsjcomponents.utils.WedgeRunnable.activate,179
method,rtsjcomponents.utils.WedgeRunnable.deactivate,180
method,rtsjcomponents.utils.WedgeRunnable.run,181
class,rtsjcomponents.utils.WedgeRunnable,33
